09:47:13.914 [main] INFO org.testcontainers.images.PullPolicy -- Image pull policy will be performed by: DefaultPullPolicy()
09:47:13.922 [main] INFO org.testcontainers.utility.ImageNameSubstitutor -- Image name substitution will be performed by: DefaultImageNameSubstitutor (composite of 'ConfigurationFileImageNameSubstitutor' and 'PrefixingImageNameSubstitutor')
09:47:13.947 [main] INFO org.testcontainers.DockerClientFactory -- Testcontainers version: 1.21.4
09:47:14.118 [main] INFO org.testcontainers.dockerclient.DockerClientProviderStrategy -- Loaded org.testcontainers.dockerclient.UnixSocketClientProviderStrategy from ~/.testcontainers.properties, will try it first
09:47:14.430 [main] INFO org.testcontainers.dockerclient.DockerClientProviderStrategy -- Found Docker environment with local Unix socket (unix:///var/run/docker.sock)
09:47:14.432 [main] INFO org.testcontainers.DockerClientFactory -- Docker host IP address is localhost
09:47:14.451 [main] INFO org.testcontainers.DockerClientFactory -- Connected to docker: 
  Server Version: 29.1.3
  API Version: 1.52
  Operating System: Ubuntu 24.04.4 LTS
  Total Memory: 15948 MB
09:47:14.673 [main] INFO tc.testcontainers/ryuk:0.12.0 -- Creating container for image: testcontainers/ryuk:0.12.0
09:47:14.678 [main] INFO org.testcontainers.utility.RegistryAuthLocator -- Failure when attempting to lookup auth config. Please ignore if you don't have images in an authenticated registry. Details: (dockerImageName: testcontainers/ryuk:0.12.0, configFile: /home/usuariojoaquin/.docker/config.json, configEnv: DOCKER_AUTH_CONFIG). Falling back to docker-java default behaviour. Exception message: Status 404: No config supplied. Checked in order: /home/usuariojoaquin/.docker/config.json (file not found), DOCKER_AUTH_CONFIG (not set)
09:47:14.874 [main] INFO tc.testcontainers/ryuk:0.12.0 -- Container testcontainers/ryuk:0.12.0 is starting: c70086672484f1baa049c3b79dcd543bfca691d3ca3395a691a9227fa05e93ca
09:47:15.240 [main] INFO tc.testcontainers/ryuk:0.12.0 -- Container testcontainers/ryuk:0.12.0 started in PT0.566485084S
09:47:15.244 [main] INFO org.testcontainers.utility.RyukResourceReaper -- Ryuk started - will monitor and terminate Testcontainers containers on JVM exit
09:47:15.244 [main] INFO org.testcontainers.DockerClientFactory -- Checking the system...
09:47:15.244 [main] INFO org.testcontainers.DockerClientFactory -- ✔︎ Docker server version should be at least 1.6.0
09:47:15.245 [main] INFO tc.confluentinc/cp-kafka:7.6.0 -- Creating container for image: confluentinc/cp-kafka:7.6.0
09:47:15.399 [main] INFO tc.confluentinc/cp-kafka:7.6.0 -- Container confluentinc/cp-kafka:7.6.0 is starting: 1325a00d1681110f884b71404351391e1376ba082c12e3ba3fb2293322ff7f9c
09:47:19.394 [main] INFO tc.confluentinc/cp-kafka:7.6.0 -- Container confluentinc/cp-kafka:7.6.0 started in PT4.149439546S
09:47:19.409 [main] INFO org.apache.kafka.clients.admin.AdminClientConfig -- AdminClientConfig values: 
	auto.include.jmx.reporter = true
	bootstrap.servers = [PLAINTEXT://localhost:32818]
	client.dns.lookup = use_all_dns_ips
	client.id = 
	connections.max.idle.ms = 300000
	default.api.timeout.ms = 60000
	metadata.max.age.ms = 300000
	metric.reporters = []
	metrics.num.samples = 2
	metrics.recording.level = INFO
	metrics.sample.window.ms = 30000
	receive.buffer.bytes = 65536
	reconnect.backoff.max.ms = 1000
	reconnect.backoff.ms = 50
	request.timeout.ms = 30000
	retries = 2147483647
	retry.backoff.ms = 100
	sasl.client.callback.handler.class = null
	sasl.jaas.config = null
	sasl.kerberos.kinit.cmd = /usr/bin/kinit
	sasl.kerberos.min.time.before.relogin = 60000
	sasl.kerberos.service.name = null
	sasl.kerberos.ticket.renew.jitter = 0.05
	sasl.kerberos.ticket.renew.window.factor = 0.8
	sasl.login.callback.handler.class = null
	sasl.login.class = null
	sasl.login.connect.timeout.ms = null
	sasl.login.read.timeout.ms = null
	sasl.login.refresh.buffer.seconds = 300
	sasl.login.refresh.min.period.seconds = 60
	sasl.login.refresh.window.factor = 0.8
	sasl.login.refresh.window.jitter = 0.05
	sasl.login.retry.backoff.max.ms = 10000
	sasl.login.retry.backoff.ms = 100
	sasl.mechanism = GSSAPI
	sasl.oauthbearer.clock.skew.seconds = 30
	sasl.oauthbearer.expected.audience = null
	sasl.oauthbearer.expected.issuer = null
	sasl.oauthbearer.jwks.endpoint.refresh.ms = 3600000
	sasl.oauthbearer.jwks.endpoint.retry.backoff.max.ms = 10000
	sasl.oauthbearer.jwks.endpoint.retry.backoff.ms = 100
	sasl.oauthbearer.jwks.endpoint.url = null
	sasl.oauthbearer.scope.claim.name = scope
	sasl.oauthbearer.sub.claim.name = sub
	sasl.oauthbearer.token.endpoint.url = null
	security.protocol = PLAINTEXT
	security.providers = null
	send.buffer.bytes = 131072
	socket.connection.setup.timeout.max.ms = 30000
	socket.connection.setup.timeout.ms = 10000
	ssl.cipher.suites = null
	ssl.enabled.protocols = [TLSv1.2, TLSv1.3]
	ssl.endpoint.identification.algorithm = https
	ssl.engine.factory.class = null
	ssl.key.password = null
	ssl.keymanager.algorithm = SunX509
	ssl.keystore.certificate.chain = null
	ssl.keystore.key = null
	ssl.keystore.location = null
	ssl.keystore.password = null
	ssl.keystore.type = JKS
	ssl.protocol = TLSv1.3
	ssl.provider = null
	ssl.secure.random.implementation = null
	ssl.trustmanager.algorithm = PKIX
	ssl.truststore.certificates = null
	ssl.truststore.location = null
	ssl.truststore.password = null
	ssl.truststore.type = JKS

09:47:19.534 [main] INFO org.apache.kafka.common.utils.AppInfoParser -- Kafka version: 3.6.2
09:47:19.535 [main] INFO org.apache.kafka.common.utils.AppInfoParser -- Kafka commitId: c4deed513057c94e
09:47:19.535 [main] INFO org.apache.kafka.common.utils.AppInfoParser -- Kafka startTimeMs: 1791100039533
09:47:20.155 [kafka-admin-client-thread | adminclient-1] INFO org.apache.kafka.common.utils.AppInfoParser -- App info kafka.admin.client for adminclient-1 unregistered
09:47:20.159 [kafka-admin-client-thread | adminclient-1] INFO org.apache.kafka.common.metrics.Metrics -- Metrics scheduler closed
09:47:20.159 [kafka-admin-client-thread | adminclient-1] INFO org.apache.kafka.common.metrics.Metrics -- Closing reporter org.apache.kafka.common.metrics.JmxReporter
09:47:20.159 [kafka-admin-client-thread | adminclient-1] INFO org.apache.kafka.common.metrics.Metrics -- Metrics reporters closed
09:47:20.166 [main] INFO org.apache.kafka.clients.producer.ProducerConfig -- ProducerConfig values: 
	acks = -1
	auto.include.jmx.reporter = true
	batch.size = 16384
	bootstrap.servers = [PLAINTEXT://localhost:32818]
	buffer.memory = 33554432
	client.dns.lookup = use_all_dns_ips
	client.id = producer-1
	compression.type = none
	connections.max.idle.ms = 540000
	delivery.timeout.ms = 120000
	enable.idempotence = true
	interceptor.classes = []
	key.serializer = class org.apache.kafka.common.serialization.StringSerializer
	linger.ms = 0
	max.block.ms = 60000
	max.in.flight.requests.per.connection = 5
	max.request.size = 1048576
	metadata.max.age.ms = 300000
	metadata.max.idle.ms = 300000
	metric.reporters = []
	metrics.num.samples = 2
	metrics.recording.level = INFO
	metrics.sample.window.ms = 30000
	partitioner.adaptive.partitioning.enable = true
	partitioner.availability.timeout.ms = 0
	partitioner.class = null
	partitioner.ignore.keys = false
	receive.buffer.bytes = 32768
	reconnect.backoff.max.ms = 1000
	reconnect.backoff.ms = 50
	request.timeout.ms = 30000
	retries = 2147483647
	retry.backoff.ms = 100
	sasl.client.callback.handler.class = null
	sasl.jaas.config = null
	sasl.kerberos.kinit.cmd = /usr/bin/kinit
	sasl.kerberos.min.time.before.relogin = 60000
	sasl.kerberos.service.name = null
	sasl.kerberos.ticket.renew.jitter = 0.05
	sasl.kerberos.ticket.renew.window.factor = 0.8
	sasl.login.callback.handler.class = null
	sasl.login.class = null
	sasl.login.connect.timeout.ms = null
	sasl.login.read.timeout.ms = null
	sasl.login.refresh.buffer.seconds = 300
	sasl.login.refresh.min.period.seconds = 60
	sasl.login.refresh.window.factor = 0.8
	sasl.login.refresh.window.jitter = 0.05
	sasl.login.retry.backoff.max.ms = 10000
	sasl.login.retry.backoff.ms = 100
	sasl.mechanism = GSSAPI
	sasl.oauthbearer.clock.skew.seconds = 30
	sasl.oauthbearer.expected.audience = null
	sasl.oauthbearer.expected.issuer = null
	sasl.oauthbearer.jwks.endpoint.refresh.ms = 3600000
	sasl.oauthbearer.jwks.endpoint.retry.backoff.max.ms = 10000
	sasl.oauthbearer.jwks.endpoint.retry.backoff.ms = 100
	sasl.oauthbearer.jwks.endpoint.url = null
	sasl.oauthbearer.scope.claim.name = scope
	sasl.oauthbearer.sub.claim.name = sub
	sasl.oauthbearer.token.endpoint.url = null
	security.protocol = PLAINTEXT
	security.providers = null
	send.buffer.bytes = 131072
	socket.connection.setup.timeout.max.ms = 30000
	socket.connection.setup.timeout.ms = 10000
	ssl.cipher.suites = null
	ssl.enabled.protocols = [TLSv1.2, TLSv1.3]
	ssl.endpoint.identification.algorithm = https
	ssl.engine.factory.class = null
	ssl.key.password = null
	ssl.keymanager.algorithm = SunX509
	ssl.keystore.certificate.chain = null
	ssl.keystore.key = null
	ssl.keystore.location = null
	ssl.keystore.password = null
	ssl.keystore.type = JKS
	ssl.protocol = TLSv1.3
	ssl.provider = null
	ssl.secure.random.implementation = null
	ssl.trustmanager.algorithm = PKIX
	ssl.truststore.certificates = null
	ssl.truststore.location = null
	ssl.truststore.password = null
	ssl.truststore.type = JKS
	transaction.timeout.ms = 60000
	transactional.id = null
	value.serializer = class org.apache.kafka.common.serialization.StringSerializer

09:47:20.171 [main] INFO org.apache.kafka.clients.producer.KafkaProducer -- [Producer clientId=producer-1] Instantiated an idempotent producer.
09:47:20.180 [main] INFO org.apache.kafka.common.utils.AppInfoParser -- Kafka version: 3.6.2
09:47:20.180 [main] INFO org.apache.kafka.common.utils.AppInfoParser -- Kafka commitId: c4deed513057c94e
09:47:20.180 [main] INFO org.apache.kafka.common.utils.AppInfoParser -- Kafka startTimeMs: 1791100040180
09:47:20.197 [kafka-producer-network-thread | producer-1] INFO org.apache.kafka.clients.Metadata -- [Producer clientId=producer-1] Cluster ID: gFyLR_QQS7iIZoRN9FrM8Q
09:47:20.304 [kafka-producer-network-thread | producer-1] INFO org.apache.kafka.clients.producer.internals.TransactionManager -- [Producer clientId=producer-1] ProducerId set to 0 with epoch 0
09:47:20.354 [main] INFO org.apache.kafka.clients.producer.KafkaProducer -- [Producer clientId=producer-1] Closing the Kafka producer with timeoutMillis = 9223372036854775807 ms.
09:47:20.358 [main] INFO org.apache.kafka.common.metrics.Metrics -- Metrics scheduler closed
09:47:20.359 [main] INFO org.apache.kafka.common.metrics.Metrics -- Closing reporter org.apache.kafka.common.metrics.JmxReporter
09:47:20.359 [main] INFO org.apache.kafka.common.metrics.Metrics -- Metrics reporters closed
09:47:20.359 [main] INFO org.apache.kafka.common.utils.AppInfoParser -- App info kafka.producer for producer-1 unregistered
2026-10-04T09:47:31.811+02:00  WARN 36281 --- [eat-thread | bk] o.a.k.c.c.internals.ConsumerCoordinator  : [Consumer clientId=bk-0, groupId=bk] consumer poll timeout has expired. This means the time between subsequent calls to poll() was longer than the configured max.poll.interval.ms, which typically implies that the poll loop is spending too much time processing messages. You can address this either by increasing max.poll.interval.ms or by reducing the maximum size of batches returned in poll() with max.poll.records.
2026-10-04T09:47:31.813+02:00  WARN 36281 --- [eat-thread | bk] o.a.k.c.c.internals.ConsumerCoordinator  : [Consumer clientId=bk-1, groupId=bk] consumer poll timeout has expired. This means the time between subsequent calls to poll() was longer than the configured max.poll.interval.ms, which typically implies that the poll loop is spending too much time processing messages. You can address this either by increasing max.poll.interval.ms or by reducing the maximum size of batches returned in poll() with max.poll.records.
2026-10-04T09:47:46.810+02:00  WARN 36281 --- [eat-thread | bk] o.a.k.c.c.internals.ConsumerCoordinator  : [Consumer clientId=bk-1, groupId=bk] consumer poll timeout has expired. This means the time between subsequent calls to poll() was longer than the configured max.poll.interval.ms, which typically implies that the poll loop is spending too much time processing messages. You can address this either by increasing max.poll.interval.ms or by reducing the maximum size of batches returned in poll() with max.poll.records.
2026-10-04T09:47:46.811+02:00  WARN 36281 --- [eat-thread | bk] o.a.k.c.c.internals.ConsumerCoordinator  : [Consumer clientId=bk-0, groupId=bk] consumer poll timeout has expired. This means the time between subsequent calls to poll() was longer than the configured max.poll.interval.ms, which typically implies that the poll loop is spending too much time processing messages. You can address this either by increasing max.poll.interval.ms or by reducing the maximum size of batches returned in poll() with max.poll.records.
2026-10-04T09:48:01.840+02:00  WARN 36281 --- [eat-thread | bk] o.a.k.c.c.internals.ConsumerCoordinator  : [Consumer clientId=bk-1, groupId=bk] consumer poll timeout has expired. This means the time between subsequent calls to poll() was longer than the configured max.poll.interval.ms, which typically implies that the poll loop is spending too much time processing messages. You can address this either by increasing max.poll.interval.ms or by reducing the maximum size of batches returned in poll() with max.poll.records.
2026-10-04T09:48:01.841+02:00  WARN 36281 --- [eat-thread | bk] o.a.k.c.c.internals.ConsumerCoordinator  : [Consumer clientId=bk-0, groupId=bk] consumer poll timeout has expired. This means the time between subsequent calls to poll() was longer than the configured max.poll.interval.ms, which typically implies that the poll loop is spending too much time processing messages. You can address this either by increasing max.poll.interval.ms or by reducing the maximum size of batches returned in poll() with max.poll.records.
2026-10-04T09:48:16.853+02:00  WARN 36281 --- [eat-thread | bk] o.a.k.c.c.internals.ConsumerCoordinator  : [Consumer clientId=bk-0, groupId=bk] consumer poll timeout has expired. This means the time between subsequent calls to poll() was longer than the configured max.poll.interval.ms, which typically implies that the poll loop is spending too much time processing messages. You can address this either by increasing max.poll.interval.ms or by reducing the maximum size of batches returned in poll() with max.poll.records.
2026-10-04T09:48:16.853+02:00  WARN 36281 --- [eat-thread | bk] o.a.k.c.c.internals.ConsumerCoordinator  : [Consumer clientId=bk-1, groupId=bk] consumer poll timeout has expired. This means the time between subsequent calls to poll() was longer than the configured max.poll.interval.ms, which typically implies that the poll loop is spending too much time processing messages. You can address this either by increasing max.poll.interval.ms or by reducing the maximum size of batches returned in poll() with max.poll.records.
2026-10-04T09:48:31.873+02:00  WARN 36281 --- [eat-thread | bk] o.a.k.c.c.internals.ConsumerCoordinator  : [Consumer clientId=bk-1, groupId=bk] consumer poll timeout has expired. This means the time between subsequent calls to poll() was longer than the configured max.poll.interval.ms, which typically implies that the poll loop is spending too much time processing messages. You can address this either by increasing max.poll.interval.ms or by reducing the maximum size of batches returned in poll() with max.poll.records.
2026-10-04T09:48:31.873+02:00  WARN 36281 --- [eat-thread | bk] o.a.k.c.c.internals.ConsumerCoordinator  : [Consumer clientId=bk-0, groupId=bk] consumer poll timeout has expired. This means the time between subsequent calls to poll() was longer than the configured max.poll.interval.ms, which typically implies that the poll loop is spending too much time processing messages. You can address this either by increasing max.poll.interval.ms or by reducing the maximum size of batches returned in poll() with max.poll.records.
2026-10-04T09:48:46.884+02:00  WARN 36281 --- [eat-thread | bk] o.a.k.c.c.internals.ConsumerCoordinator  : [Consumer clientId=bk-1, groupId=bk] consumer poll timeout has expired. This means the time between subsequent calls to poll() was longer than the configured max.poll.interval.ms, which typically implies that the poll loop is spending too much time processing messages. You can address this either by increasing max.poll.interval.ms or by reducing the maximum size of batches returned in poll() with max.poll.records.
2026-10-04T09:48:46.884+02:00  WARN 36281 --- [eat-thread | bk] o.a.k.c.c.internals.ConsumerCoordinator  : [Consumer clientId=bk-0, groupId=bk] consumer poll timeout has expired. This means the time between subsequent calls to poll() was longer than the configured max.poll.interval.ms, which typically implies that the poll loop is spending too much time processing messages. You can address this either by increasing max.poll.interval.ms or by reducing the maximum size of batches returned in poll() with max.poll.records.
2026-10-04T09:49:01.904+02:00  WARN 36281 --- [eat-thread | bk] o.a.k.c.c.internals.ConsumerCoordinator  : [Consumer clientId=bk-0, groupId=bk] consumer poll timeout has expired. This means the time between subsequent calls to poll() was longer than the configured max.poll.interval.ms, which typically implies that the poll loop is spending too much time processing messages. You can address this either by increasing max.poll.interval.ms or by reducing the maximum size of batches returned in poll() with max.poll.records.
2026-10-04T09:49:01.904+02:00  WARN 36281 --- [eat-thread | bk] o.a.k.c.c.internals.ConsumerCoordinator  : [Consumer clientId=bk-1, groupId=bk] consumer poll timeout has expired. This means the time between subsequent calls to poll() was longer than the configured max.poll.interval.ms, which typically implies that the poll loop is spending too much time processing messages. You can address this either by increasing max.poll.interval.ms or by reducing the maximum size of batches returned in poll() with max.poll.records.
2026-10-04T09:49:16.912+02:00  WARN 36281 --- [eat-thread | bk] o.a.k.c.c.internals.ConsumerCoordinator  : [Consumer clientId=bk-0, groupId=bk] consumer poll timeout has expired. This means the time between subsequent calls to poll() was longer than the configured max.poll.interval.ms, which typically implies that the poll loop is spending too much time processing messages. You can address this either by increasing max.poll.interval.ms or by reducing the maximum size of batches returned in poll() with max.poll.records.
2026-10-04T09:49:16.912+02:00  WARN 36281 --- [eat-thread | bk] o.a.k.c.c.internals.ConsumerCoordinator  : [Consumer clientId=bk-1, groupId=bk] consumer poll timeout has expired. This means the time between subsequent calls to poll() was longer than the configured max.poll.interval.ms, which typically implies that the poll loop is spending too much time processing messages. You can address this either by increasing max.poll.interval.ms or by reducing the maximum size of batches returned in poll() with max.poll.records.
2026-10-04T09:49:31.933+02:00  WARN 36281 --- [eat-thread | bk] o.a.k.c.c.internals.ConsumerCoordinator  : [Consumer clientId=bk-1, groupId=bk] consumer poll timeout has expired. This means the time between subsequent calls to poll() was longer than the configured max.poll.interval.ms, which typically implies that the poll loop is spending too much time processing messages. You can address this either by increasing max.poll.interval.ms or by reducing the maximum size of batches returned in poll() with max.poll.records.
2026-10-04T09:49:31.933+02:00  WARN 36281 --- [eat-thread | bk] o.a.k.c.c.internals.ConsumerCoordinator  : [Consumer clientId=bk-0, groupId=bk] consumer poll timeout has expired. This means the time between subsequent calls to poll() was longer than the configured max.poll.interval.ms, which typically implies that the poll loop is spending too much time processing messages. You can address this either by increasing max.poll.interval.ms or by reducing the maximum size of batches returned in poll() with max.poll.records.
2026-10-04T09:49:46.943+02:00  WARN 36281 --- [eat-thread | bk] o.a.k.c.c.internals.ConsumerCoordinator  : [Consumer clientId=bk-1, groupId=bk] consumer poll timeout has expired. This means the time between subsequent calls to poll() was longer than the configured max.poll.interval.ms, which typically implies that the poll loop is spending too much time processing messages. You can address this either by increasing max.poll.interval.ms or by reducing the maximum size of batches returned in poll() with max.poll.records.
2026-10-04T09:49:46.943+02:00  WARN 36281 --- [eat-thread | bk] o.a.k.c.c.internals.ConsumerCoordinator  : [Consumer clientId=bk-0, groupId=bk] consumer poll timeout has expired. This means the time between subsequent calls to poll() was longer than the configured max.poll.interval.ms, which typically implies that the poll loop is spending too much time processing messages. You can address this either by increasing max.poll.interval.ms or by reducing the maximum size of batches returned in poll() with max.poll.records.
2026-10-04T09:49:51.941+02:00 ERROR 36281 --- [       bk-1-C-1] o.s.k.l.KafkaMessageListenerContainer    : Error while stopping the container

java.util.concurrent.CompletionException: org.apache.kafka.clients.consumer.CommitFailedException: Offset commit cannot be completed since the consumer is not part of an active group for auto partition assignment; it is likely that the consumer was kicked out of the group.
	at java.base/java.util.concurrent.CompletableFuture.encodeThrowable(CompletableFuture.java:315) ~[na:na]
	at java.base/java.util.concurrent.CompletableFuture.completeThrowable(CompletableFuture.java:320) ~[na:na]
	at java.base/java.util.concurrent.CompletableFuture$AsyncRun.run(CompletableFuture.java:1807) ~[na:na]
	at java.base/java.lang.Thread.run(Thread.java:1583) ~[na:na]
Caused by: org.apache.kafka.clients.consumer.CommitFailedException: Offset commit cannot be completed since the consumer is not part of an active group for auto partition assignment; it is likely that the consumer was kicked out of the group.
	at org.apache.kafka.clients.consumer.internals.ConsumerCoordinator.sendOffsetCommitRequest(ConsumerCoordinator.java:1351) ~[kafka-clients-3.6.2.jar!/:na]
	at org.apache.kafka.clients.consumer.internals.ConsumerCoordinator.commitOffsetsSync(ConsumerCoordinator.java:1188) ~[kafka-clients-3.6.2.jar!/:na]
	at org.apache.kafka.clients.consumer.KafkaConsumer.commitSync(KafkaConsumer.java:1450) ~[kafka-clients-3.6.2.jar!/:na]
	at java.base/jdk.internal.reflect.DirectMethodHandleAccessor.invoke(DirectMethodHandleAccessor.java:103) ~[na:na]
	at java.base/java.lang.reflect.Method.invoke(Method.java:580) ~[na:na]
	at com.javavibeguard.blockingkafka.PollTimingConsumer.invoke(PollTimingConsumer.java:49) ~[!/:1.0.0]
	at jdk.proxy2/jdk.proxy2.$Proxy66.commitSync(Unknown Source) ~[na:na]
	at org.springframework.kafka.listener.KafkaMessageListenerContainer$ListenerConsumer.doCommitSync(KafkaMessageListenerContainer.java:3300) ~[spring-kafka-3.1.4.jar!/:3.1.4]
	at org.springframework.kafka.listener.KafkaMessageListenerContainer$ListenerConsumer.commitSync(KafkaMessageListenerContainer.java:3295) ~[spring-kafka-3.1.4.jar!/:3.1.4]
	at org.springframework.kafka.listener.KafkaMessageListenerContainer$ListenerConsumer.commitIfNecessary(KafkaMessageListenerContainer.java:3281) ~[spring-kafka-3.1.4.jar!/:3.1.4]
	at org.springframework.kafka.listener.KafkaMessageListenerContainer$ListenerConsumer.processCommits(KafkaMessageListenerContainer.java:3071) ~[spring-kafka-3.1.4.jar!/:3.1.4]
	at org.springframework.kafka.listener.KafkaMessageListenerContainer$ListenerConsumer.commitPendingAcks(KafkaMessageListenerContainer.java:1979) ~[spring-kafka-3.1.4.jar!/:3.1.4]
	at org.springframework.kafka.listener.KafkaMessageListenerContainer$ListenerConsumer.wrapUp(KafkaMessageListenerContainer.java:1922) ~[spring-kafka-3.1.4.jar!/:3.1.4]
	at org.springframework.kafka.listener.KafkaMessageListenerContainer$ListenerConsumer.run(KafkaMessageListenerContainer.java:1388) ~[spring-kafka-3.1.4.jar!/:3.1.4]
	at java.base/java.util.concurrent.CompletableFuture$AsyncRun.run(CompletableFuture.java:1804) ~[na:na]
	... 1 common frames omitted

2026-10-04T09:49:51.941+02:00 ERROR 36281 --- [       bk-0-C-1] o.s.k.l.KafkaMessageListenerContainer    : Error while stopping the container

java.util.concurrent.CompletionException: org.apache.kafka.clients.consumer.CommitFailedException: Offset commit cannot be completed since the consumer is not part of an active group for auto partition assignment; it is likely that the consumer was kicked out of the group.
	at java.base/java.util.concurrent.CompletableFuture.encodeThrowable(CompletableFuture.java:315) ~[na:na]
	at java.base/java.util.concurrent.CompletableFuture.completeThrowable(CompletableFuture.java:320) ~[na:na]
	at java.base/java.util.concurrent.CompletableFuture$AsyncRun.run(CompletableFuture.java:1807) ~[na:na]
	at java.base/java.lang.Thread.run(Thread.java:1583) ~[na:na]
Caused by: org.apache.kafka.clients.consumer.CommitFailedException: Offset commit cannot be completed since the consumer is not part of an active group for auto partition assignment; it is likely that the consumer was kicked out of the group.
	at org.apache.kafka.clients.consumer.internals.ConsumerCoordinator.sendOffsetCommitRequest(ConsumerCoordinator.java:1351) ~[kafka-clients-3.6.2.jar!/:na]
	at org.apache.kafka.clients.consumer.internals.ConsumerCoordinator.commitOffsetsSync(ConsumerCoordinator.java:1188) ~[kafka-clients-3.6.2.jar!/:na]
	at org.apache.kafka.clients.consumer.KafkaConsumer.commitSync(KafkaConsumer.java:1450) ~[kafka-clients-3.6.2.jar!/:na]
	at java.base/jdk.internal.reflect.DirectMethodHandleAccessor.invoke(DirectMethodHandleAccessor.java:103) ~[na:na]
	at java.base/java.lang.reflect.Method.invoke(Method.java:580) ~[na:na]
	at com.javavibeguard.blockingkafka.PollTimingConsumer.invoke(PollTimingConsumer.java:49) ~[!/:1.0.0]
	at jdk.proxy2/jdk.proxy2.$Proxy66.commitSync(Unknown Source) ~[na:na]
	at org.springframework.kafka.listener.KafkaMessageListenerContainer$ListenerConsumer.doCommitSync(KafkaMessageListenerContainer.java:3300) ~[spring-kafka-3.1.4.jar!/:3.1.4]
	at org.springframework.kafka.listener.KafkaMessageListenerContainer$ListenerConsumer.commitSync(KafkaMessageListenerContainer.java:3295) ~[spring-kafka-3.1.4.jar!/:3.1.4]
	at org.springframework.kafka.listener.KafkaMessageListenerContainer$ListenerConsumer.commitIfNecessary(KafkaMessageListenerContainer.java:3281) ~[spring-kafka-3.1.4.jar!/:3.1.4]
	at org.springframework.kafka.listener.KafkaMessageListenerContainer$ListenerConsumer.processCommits(KafkaMessageListenerContainer.java:3071) ~[spring-kafka-3.1.4.jar!/:3.1.4]
	at org.springframework.kafka.listener.KafkaMessageListenerContainer$ListenerConsumer.commitPendingAcks(KafkaMessageListenerContainer.java:1979) ~[spring-kafka-3.1.4.jar!/:3.1.4]
	at org.springframework.kafka.listener.KafkaMessageListenerContainer$ListenerConsumer.wrapUp(KafkaMessageListenerContainer.java:1922) ~[spring-kafka-3.1.4.jar!/:3.1.4]
	at org.springframework.kafka.listener.KafkaMessageListenerContainer$ListenerConsumer.run(KafkaMessageListenerContainer.java:1388) ~[spring-kafka-3.1.4.jar!/:3.1.4]
	at java.base/java.util.concurrent.CompletableFuture$AsyncRun.run(CompletableFuture.java:1804) ~[na:na]
	... 1 common frames omitted

