09:19:12.091 [main] INFO org.testcontainers.images.PullPolicy -- Image pull policy will be performed by: DefaultPullPolicy()
09:19:12.111 [main] INFO org.testcontainers.utility.ImageNameSubstitutor -- Image name substitution will be performed by: DefaultImageNameSubstitutor (composite of 'ConfigurationFileImageNameSubstitutor' and 'PrefixingImageNameSubstitutor')
09:19:12.138 [main] INFO org.testcontainers.DockerClientFactory -- Testcontainers version: 1.21.4
09:19:12.311 [main] INFO org.testcontainers.dockerclient.DockerClientProviderStrategy -- Loaded org.testcontainers.dockerclient.UnixSocketClientProviderStrategy from ~/.testcontainers.properties, will try it first
09:19:12.646 [main] INFO org.testcontainers.dockerclient.DockerClientProviderStrategy -- Found Docker environment with local Unix socket (unix:///var/run/docker.sock)
09:19:12.647 [main] INFO org.testcontainers.DockerClientFactory -- Docker host IP address is localhost
09:19:12.666 [main] INFO org.testcontainers.DockerClientFactory -- Connected to docker: 
  Server Version: 29.1.3
  API Version: 1.52
  Operating System: Ubuntu 24.04.4 LTS
  Total Memory: 15948 MB
09:19:12.915 [main] INFO tc.testcontainers/ryuk:0.12.0 -- Creating container for image: testcontainers/ryuk:0.12.0
09:19:12.918 [main] INFO org.testcontainers.utility.RegistryAuthLocator -- Failure when attempting to lookup auth config. Please ignore if you don't have images in an authenticated registry. Details: (dockerImageName: testcontainers/ryuk:0.12.0, configFile: /home/usuariojoaquin/.docker/config.json, configEnv: DOCKER_AUTH_CONFIG). Falling back to docker-java default behaviour. Exception message: Status 404: No config supplied. Checked in order: /home/usuariojoaquin/.docker/config.json (file not found), DOCKER_AUTH_CONFIG (not set)
09:19:13.116 [main] INFO tc.testcontainers/ryuk:0.12.0 -- Container testcontainers/ryuk:0.12.0 is starting: e2bb2fd3bf87ca27e5a579ec98bfb8059ffcee7bc648c88cb453eadd6a1fe95c
09:19:13.503 [main] INFO tc.testcontainers/ryuk:0.12.0 -- Container testcontainers/ryuk:0.12.0 started in PT0.588497465S
09:19:13.508 [main] INFO org.testcontainers.utility.RyukResourceReaper -- Ryuk started - will monitor and terminate Testcontainers containers on JVM exit
09:19:13.508 [main] INFO org.testcontainers.DockerClientFactory -- Checking the system...
09:19:13.508 [main] INFO org.testcontainers.DockerClientFactory -- ✔︎ Docker server version should be at least 1.6.0
09:19:13.509 [main] INFO tc.confluentinc/cp-kafka:7.6.0 -- Creating container for image: confluentinc/cp-kafka:7.6.0
09:19:13.659 [main] INFO tc.confluentinc/cp-kafka:7.6.0 -- Container confluentinc/cp-kafka:7.6.0 is starting: f3833fc3d4270db07b58edaf4fba6ce8a089edeaeb618a278d415c8da9e89988
09:19:17.925 [main] INFO tc.confluentinc/cp-kafka:7.6.0 -- Container confluentinc/cp-kafka:7.6.0 started in PT4.416013405S
09:19:17.944 [main] INFO org.apache.kafka.clients.admin.AdminClientConfig -- AdminClientConfig values: 
	auto.include.jmx.reporter = true
	bootstrap.servers = [PLAINTEXT://localhost:32785]
	client.dns.lookup = use_all_dns_ips
	client.id = 
	connections.max.idle.ms = 300000
	default.api.timeout.ms = 60000
	metadata.max.age.ms = 300000
	metric.reporters = []
	metrics.num.samples = 2
	metrics.recording.level = INFO
	metrics.sample.window.ms = 30000
	receive.buffer.bytes = 65536
	reconnect.backoff.max.ms = 1000
	reconnect.backoff.ms = 50
	request.timeout.ms = 30000
	retries = 2147483647
	retry.backoff.ms = 100
	sasl.client.callback.handler.class = null
	sasl.jaas.config = null
	sasl.kerberos.kinit.cmd = /usr/bin/kinit
	sasl.kerberos.min.time.before.relogin = 60000
	sasl.kerberos.service.name = null
	sasl.kerberos.ticket.renew.jitter = 0.05
	sasl.kerberos.ticket.renew.window.factor = 0.8
	sasl.login.callback.handler.class = null
	sasl.login.class = null
	sasl.login.connect.timeout.ms = null
	sasl.login.read.timeout.ms = null
	sasl.login.refresh.buffer.seconds = 300
	sasl.login.refresh.min.period.seconds = 60
	sasl.login.refresh.window.factor = 0.8
	sasl.login.refresh.window.jitter = 0.05
	sasl.login.retry.backoff.max.ms = 10000
	sasl.login.retry.backoff.ms = 100
	sasl.mechanism = GSSAPI
	sasl.oauthbearer.clock.skew.seconds = 30
	sasl.oauthbearer.expected.audience = null
	sasl.oauthbearer.expected.issuer = null
	sasl.oauthbearer.jwks.endpoint.refresh.ms = 3600000
	sasl.oauthbearer.jwks.endpoint.retry.backoff.max.ms = 10000
	sasl.oauthbearer.jwks.endpoint.retry.backoff.ms = 100
	sasl.oauthbearer.jwks.endpoint.url = null
	sasl.oauthbearer.scope.claim.name = scope
	sasl.oauthbearer.sub.claim.name = sub
	sasl.oauthbearer.token.endpoint.url = null
	security.protocol = PLAINTEXT
	security.providers = null
	send.buffer.bytes = 131072
	socket.connection.setup.timeout.max.ms = 30000
	socket.connection.setup.timeout.ms = 10000
	ssl.cipher.suites = null
	ssl.enabled.protocols = [TLSv1.2, TLSv1.3]
	ssl.endpoint.identification.algorithm = https
	ssl.engine.factory.class = null
	ssl.key.password = null
	ssl.keymanager.algorithm = SunX509
	ssl.keystore.certificate.chain = null
	ssl.keystore.key = null
	ssl.keystore.location = null
	ssl.keystore.password = null
	ssl.keystore.type = JKS
	ssl.protocol = TLSv1.3
	ssl.provider = null
	ssl.secure.random.implementation = null
	ssl.trustmanager.algorithm = PKIX
	ssl.truststore.certificates = null
	ssl.truststore.location = null
	ssl.truststore.password = null
	ssl.truststore.type = JKS

09:19:18.083 [main] INFO org.apache.kafka.common.utils.AppInfoParser -- Kafka version: 3.6.2
09:19:18.084 [main] INFO org.apache.kafka.common.utils.AppInfoParser -- Kafka commitId: c4deed513057c94e
09:19:18.084 [main] INFO org.apache.kafka.common.utils.AppInfoParser -- Kafka startTimeMs: 1791098358083
09:19:18.702 [kafka-admin-client-thread | adminclient-1] INFO org.apache.kafka.common.utils.AppInfoParser -- App info kafka.admin.client for adminclient-1 unregistered
09:19:18.707 [kafka-admin-client-thread | adminclient-1] INFO org.apache.kafka.common.metrics.Metrics -- Metrics scheduler closed
09:19:18.707 [kafka-admin-client-thread | adminclient-1] INFO org.apache.kafka.common.metrics.Metrics -- Closing reporter org.apache.kafka.common.metrics.JmxReporter
09:19:18.707 [kafka-admin-client-thread | adminclient-1] INFO org.apache.kafka.common.metrics.Metrics -- Metrics reporters closed
09:19:18.713 [main] INFO org.apache.kafka.clients.producer.ProducerConfig -- ProducerConfig values: 
	acks = -1
	auto.include.jmx.reporter = true
	batch.size = 16384
	bootstrap.servers = [PLAINTEXT://localhost:32785]
	buffer.memory = 33554432
	client.dns.lookup = use_all_dns_ips
	client.id = producer-1
	compression.type = none
	connections.max.idle.ms = 540000
	delivery.timeout.ms = 120000
	enable.idempotence = true
	interceptor.classes = []
	key.serializer = class org.apache.kafka.common.serialization.StringSerializer
	linger.ms = 0
	max.block.ms = 60000
	max.in.flight.requests.per.connection = 5
	max.request.size = 1048576
	metadata.max.age.ms = 300000
	metadata.max.idle.ms = 300000
	metric.reporters = []
	metrics.num.samples = 2
	metrics.recording.level = INFO
	metrics.sample.window.ms = 30000
	partitioner.adaptive.partitioning.enable = true
	partitioner.availability.timeout.ms = 0
	partitioner.class = null
	partitioner.ignore.keys = false
	receive.buffer.bytes = 32768
	reconnect.backoff.max.ms = 1000
	reconnect.backoff.ms = 50
	request.timeout.ms = 30000
	retries = 2147483647
	retry.backoff.ms = 100
	sasl.client.callback.handler.class = null
	sasl.jaas.config = null
	sasl.kerberos.kinit.cmd = /usr/bin/kinit
	sasl.kerberos.min.time.before.relogin = 60000
	sasl.kerberos.service.name = null
	sasl.kerberos.ticket.renew.jitter = 0.05
	sasl.kerberos.ticket.renew.window.factor = 0.8
	sasl.login.callback.handler.class = null
	sasl.login.class = null
	sasl.login.connect.timeout.ms = null
	sasl.login.read.timeout.ms = null
	sasl.login.refresh.buffer.seconds = 300
	sasl.login.refresh.min.period.seconds = 60
	sasl.login.refresh.window.factor = 0.8
	sasl.login.refresh.window.jitter = 0.05
	sasl.login.retry.backoff.max.ms = 10000
	sasl.login.retry.backoff.ms = 100
	sasl.mechanism = GSSAPI
	sasl.oauthbearer.clock.skew.seconds = 30
	sasl.oauthbearer.expected.audience = null
	sasl.oauthbearer.expected.issuer = null
	sasl.oauthbearer.jwks.endpoint.refresh.ms = 3600000
	sasl.oauthbearer.jwks.endpoint.retry.backoff.max.ms = 10000
	sasl.oauthbearer.jwks.endpoint.retry.backoff.ms = 100
	sasl.oauthbearer.jwks.endpoint.url = null
	sasl.oauthbearer.scope.claim.name = scope
	sasl.oauthbearer.sub.claim.name = sub
	sasl.oauthbearer.token.endpoint.url = null
	security.protocol = PLAINTEXT
	security.providers = null
	send.buffer.bytes = 131072
	socket.connection.setup.timeout.max.ms = 30000
	socket.connection.setup.timeout.ms = 10000
	ssl.cipher.suites = null
	ssl.enabled.protocols = [TLSv1.2, TLSv1.3]
	ssl.endpoint.identification.algorithm = https
	ssl.engine.factory.class = null
	ssl.key.password = null
	ssl.keymanager.algorithm = SunX509
	ssl.keystore.certificate.chain = null
	ssl.keystore.key = null
	ssl.keystore.location = null
	ssl.keystore.password = null
	ssl.keystore.type = JKS
	ssl.protocol = TLSv1.3
	ssl.provider = null
	ssl.secure.random.implementation = null
	ssl.trustmanager.algorithm = PKIX
	ssl.truststore.certificates = null
	ssl.truststore.location = null
	ssl.truststore.password = null
	ssl.truststore.type = JKS
	transaction.timeout.ms = 60000
	transactional.id = null
	value.serializer = class org.apache.kafka.common.serialization.StringSerializer

09:19:18.720 [main] INFO org.apache.kafka.clients.producer.KafkaProducer -- [Producer clientId=producer-1] Instantiated an idempotent producer.
09:19:18.730 [main] INFO org.apache.kafka.common.utils.AppInfoParser -- Kafka version: 3.6.2
09:19:18.730 [main] INFO org.apache.kafka.common.utils.AppInfoParser -- Kafka commitId: c4deed513057c94e
09:19:18.730 [main] INFO org.apache.kafka.common.utils.AppInfoParser -- Kafka startTimeMs: 1791098358730
09:19:18.747 [kafka-producer-network-thread | producer-1] INFO org.apache.kafka.clients.Metadata -- [Producer clientId=producer-1] Cluster ID: U2P1qhiQQWSHVV09XbZvKg
09:19:18.855 [kafka-producer-network-thread | producer-1] INFO org.apache.kafka.clients.producer.internals.TransactionManager -- [Producer clientId=producer-1] ProducerId set to 0 with epoch 0
09:19:18.911 [main] INFO org.apache.kafka.clients.producer.KafkaProducer -- [Producer clientId=producer-1] Closing the Kafka producer with timeoutMillis = 9223372036854775807 ms.
09:19:18.914 [main] INFO org.apache.kafka.common.metrics.Metrics -- Metrics scheduler closed
09:19:18.914 [main] INFO org.apache.kafka.common.metrics.Metrics -- Closing reporter org.apache.kafka.common.metrics.JmxReporter
09:19:18.914 [main] INFO org.apache.kafka.common.metrics.Metrics -- Metrics reporters closed
09:19:18.915 [main] INFO org.apache.kafka.common.utils.AppInfoParser -- App info kafka.producer for producer-1 unregistered
